{
    "homo_sapiens - fastq - paired_end": {
        "content": [
            [
                [
                    {
                        "id": "test",
                        "single_end": false,
                        "sample_size": 10000
                    },
                    [
                        "test_1_val_1.fq.gz:md5,1155b07c8311d64495821fb45014e03e",
                        "test_2_val_2.fq.gz:md5,6c55135fa6eb1138d0c479e8f7dc5fae"
                    ]
                ]
            ],
            [
                "versions.yml:md5,06e5e3503bcf65395062c31d07a590f3",
                "versions.yml:md5,77e3d93e13faa7e33fcad5bc8f577f2b",
                "versions.yml:md5,7b9f999b76de4a7d95267dfd2d9ddec0",
                "versions.yml:md5,e0d4c6ee367a4d6600b7268278549bae"
            ]
        ],
        "meta": {
            "nf-test": "0.9.0",
            "nextflow": "24.04.3"
        },
        "timestamp": "2024-08-06T11:27:11.488962219"
    }
}